Release 14.7 Map P.20131013 (lin64)
Xilinx Mapping Report File for Design 'Stump_Board'

Design Information
------------------
Command Line   : map -detail -timing -u -p xc6slx4-cpg196-2 -pr b -c 100 -w
Stump_Board.ngd 
Target Device  : xc6slx4
Target Package : cpg196
Target Speed   : -2
Mapper Version : spartan6 -- $Revision: 1.55 $
Mapped Date    : Wed Nov 27 12:56:39 2024

Design Summary
--------------
Number of errors:      0
Number of warnings:    1
Slice Logic Utilization:
  Number of Slice Registers:                 1,043 out of   4,800   21%
    Number used as Flip Flops:               1,042
    Number used as Latches:                      0
    Number used as Latch-thrus:                  0
    Number used as AND/OR logics:                1
  Number of Slice LUTs:                      1,971 out of   2,400   82%
    Number used as logic:                    1,963 out of   2,400   81%
      Number using O6 output only:           1,526
      Number using O5 output only:              84
      Number using O5 and O6:                  353
      Number used as ROM:                        0
    Number used as Memory:                       0 out of   1,200    0%
    Number used exclusively as route-thrus:      8
      Number with same-slice register load:      0
      Number with same-slice carry load:         7
      Number with other load:                    1

Slice Logic Distribution:
  Number of occupied Slices:                   541 out of     600   90%
  Number of MUXCYs used:                       376 out of   1,200   31%
  Number of LUT Flip Flop pairs used:        2,011
    Number with an unused Flip Flop:         1,008 out of   2,011   50%
    Number with an unused LUT:                  40 out of   2,011    1%
    Number of fully used LUT-FF pairs:         963 out of   2,011   47%
    Number of unique control sets:              81
    Number of slice register sites lost
      to control set restrictions:             126 out of   4,800    2%

  A LUT Flip Flop pair for this architecture represents one LUT paired with
  one Flip Flop within a slice.  A control set is a unique combination of
  clock, reset, set, and enable signals for a registered element.
  The Slice Logic Distribution report is not meaningful if the design is
  over-mapped for a non-slice resource or if Placement fails.

IO Utilization:
  Number of bonded IOBs:                        63 out of     106   59%
    Number of LOCed IOBs:                       63 out of      63  100%
    IOB Flip Flops:                             24

Specific Feature Utilization:
  Number of RAMB16BWERs:                         8 out of      12   66%
  Number of RAMB8BWERs:                          3 out of      24   12%
  Number of BUFIO2/BUFIO2_2CLKs:                 0 out of      32    0%
  Number of BUFIO2FB/BUFIO2FB_2CLKs:             0 out of      32    0%
  Number of BUFG/BUFGMUXs:                       2 out of      16   12%
    Number used as BUFGs:                        2
    Number used as BUFGMUX:                      0
  Number of DCM/DCM_CLKGENs:                     0 out of       4    0%
  Number of ILOGIC2/ISERDES2s:                   8 out of     200    4%
    Number used as ILOGIC2s:                     8
    Number used as ISERDES2s:                    0
  Number of IODELAY2/IODRP2/IODRP2_MCBs:         0 out of     200    0%
  Number of OLOGIC2/OSERDES2s:                  16 out of     200    8%
    Number used as OLOGIC2s:                    16
    Number used as OSERDES2s:                    0
  Number of BSCANs:                              0 out of       4    0%
  Number of BUFHs:                               0 out of     128    0%
  Number of BUFPLLs:                             0 out of       8    0%
  Number of BUFPLL_MCBs:                         0 out of       4    0%
  Number of DSP48A1s:                            0 out of       8    0%
  Number of ICAPs:                               0 out of       1    0%
  Number of PCILOGICSEs:                         0 out of       2    0%
  Number of PLL_ADVs:                            0 out of       2    0%
  Number of PMVs:                                0 out of       1    0%
  Number of STARTUPs:                            0 out of       1    0%
  Number of SUSPEND_SYNCs:                       0 out of       1    0%

Average Fanout of Non-Clock Nets:                4.60

Peak Memory Usage:  699 MB
Total REAL time to MAP completion:  26 secs 
Total CPU time to MAP completion:   25 secs 

Table of Contents
-----------------
Section 1 - Errors
Section 2 - Warnings
Section 3 - Informational
Section 4 - Removed Logic Summary
Section 5 - Removed Logic
Section 6 - IOB Properties
Section 7 - RPMs
Section 8 - Guide Report
Section 9 - Area Group and Partition Summary
Section 10 - Timing Report
Section 11 - Configuration String Information
Section 12 - Control Set Information
Section 13 - Utilization by Hierarchy

Section 1 - Errors
------------------

Section 2 - Warnings
--------------------
WARNING:Security:43 - No license file was found in the standard Xilinx license
directory.
WARNING:Security:44 - Since no license file was found,
WARNING:Security:42 - Your software subscription period has lapsed. Your current
version of Xilinx tools will continue to function, but you no longer qualify for
Xilinx software updates or new releases.
WARNING:PhysDesignRules:2410 - This design is using one or more 9K Block RAMs
   (RAMB8BWER).  9K Block RAM initialization data, both user defined and
   default, may be incorrect and should not be used.  For more information,
   please reference Xilinx Answer Record 39999.

Section 3 - Informational
-------------------------
INFO:Map:220 - The command line option -timing is automatically supported for
   this architecture. Therefore, it is not necessary to specify this option.
INFO:Security:50 - The XILINXD_LICENSE_FILE environment variable is set to
'2100@cadmaster.cs.man.ac.uk'.
INFO:Security:53 - The LM_LICENSE_FILE environment variable is not set.
INFO:Security:54 - 'xc6slx4' is a WebPack part.
INFO:LIT:243 - Logical network epp_output_pads<1> has no load.
INFO:LIT:243 - Logical network scl_buf_0/O has no load.
INFO:MapLib:562 - No environment variables are currently set.
INFO:LIT:244 - All of the single ended outputs in this design are using slew
   rate limited output drivers. The delay on speed critical single ended outputs
   can be dramatically reduced by designating them as fast outputs.
INFO:Pack:1716 - Initializing temperature to 85.000 Celsius. (default - Range:
   0.000 to 85.000 Celsius)
INFO:Pack:1720 - Initializing voltage to 1.140 Volts. (default - Range: 1.140 to
   1.260 Volts)
INFO:Map:215 - The Interim Design Summary has been generated in the MAP Report
   (.mrp).
INFO:Pack:1650 - Map created a placed design.

Section 4 - Removed Logic Summary
---------------------------------
   2 block(s) optimized away
  90 Block(s) redundant

Section 5 - Removed Logic
-------------------------

Optimized Block(s):
TYPE 		BLOCK
GND 		XST_GND
VCC 		XST_VCC

Redundant Block(s):
TYPE 		BLOCK
INV 		epp_inv
LUT1 		ackie_interface/Msub_steps_remain[31]_GND_11_o_sub_240_OUT_cy<0>_rt
LUT1 		ackie_interface/Msub_GND_11_o_GND_11_o_sub_47_OUT<18:0>_cy<0>_rt
LUT1 		memory/Mcount_buzzer_clk_count_cy<1>_rt
LUT1 		memory/Mcount_buzzer_clk_count_cy<2>_rt
LUT1 		memory/Mcount_buzzer_clk_count_cy<3>_rt
LUT1 		memory/Mcount_buzzer_clk_count_cy<4>_rt
LUT1 		memory/Mcount_buzzer_clk_count_cy<5>_rt
LUT1 		memory/Mcount_buzzer_clk_count_cy<6>_rt
LUT1 		memory/Mcount_buzzer_clk_count_cy<7>_rt
LUT1 		memory/Mcount_buzzer_clk_count_cy<8>_rt
LUT1 		memory/Mcount_buzzer_clk_count_cy<9>_rt
LUT1 		memory/Mcount_buzzer_clk_count_cy<10>_rt
LUT1 		memory/Mcount_buzzer_clk_count_cy<11>_rt
LUT1 		memory/Mcount_buzzer_clk_count_cy<12>_rt
LUT1 		memory/Mcount_buzzer_clk_count_cy<13>_rt
LUT1 		memory/Mcount_buzzer_clk_count_cy<14>_rt
LUT1 		memory/Mcount_buzzer_clk_count_cy<15>_rt
LUT1 		memory/Mcount_buzzer_clk_count_cy<16>_rt
LUT1 		memory/Mcount_buzzer_clk_count_cy<17>_rt
LUT1 		memory/Mcount_buzzer_clk_count_cy<18>_rt
LUT1 		memory/Mcount_buzzer_clk_count_cy<19>_rt
LUT1 		memory/Mcount_free_run_counter_cy<1>_rt
LUT1 		memory/Mcount_free_run_counter_cy<2>_rt
LUT1 		memory/Mcount_free_run_counter_cy<3>_rt
LUT1 		memory/Mcount_free_run_counter_cy<4>_rt
LUT1 		memory/Mcount_free_run_counter_cy<5>_rt
LUT1 		memory/Mcount_free_run_counter_cy<6>_rt
LUT1 		memory/Mcount_free_run_counter_cy<7>_rt
LUT1 		memory/Mcount_free_run_counter_cy<8>_rt
LUT1 		memory/Mcount_free_run_counter_cy<9>_rt
LUT1 		memory/Mcount_free_run_counter_cy<10>_rt
LUT1 		memory/Mcount_free_run_counter_cy<11>_rt
LUT1 		memory/Mcount_free_run_counter_cy<12>_rt
LUT1 		memory/Mcount_free_run_counter_cy<13>_rt
LUT1 		memory/Mcount_free_run_counter_cy<14>_rt
LUT1 		memory/Mcount_lcd_delay_cy<1>_rt
LUT1 		memory/Mcount_lcd_delay_cy<2>_rt
LUT1 		memory/Mcount_lcd_delay_cy<3>_rt
LUT1 		memory/Mcount_lcd_delay_cy<4>_rt
LUT1 		memory/Mcount_lcd_delay_cy<5>_rt
LUT1 		memory/Mcount_lcd_delay_cy<6>_rt
LUT1 		memory/Mcount_lcd_delay_cy<7>_rt
LUT1 		memory/Mcount_lcd_delay_cy<8>_rt
LUT1 		memory/Mcount_lcd_delay_cy<9>_rt
LUT1 		memory/Mcount_lcd_delay_cy<10>_rt
LUT1 		memory/Mcount_lcd_delay_cy<11>_rt
LUT1 		memory/Mcount_count_cy<1>_rt
LUT1 		memory/Mcount_count_cy<2>_rt
LUT1 		memory/Mcount_count_cy<3>_rt
LUT1 		memory/Mcount_count_cy<4>_rt
LUT1 		memory/Mcount_count_cy<5>_rt
LUT1 		memory/Mcount_count_cy<6>_rt
LUT1 		memory/Mcount_count_cy<7>_rt
LUT1 		cpu/datapath/alu/Madd_n0068_Madd_cy<15>_rt
LUT1 		cpu/datapath/alu/Madd_n0068_Madd_cy<14>_rt
LUT1 		cpu/datapath/alu/Madd_n0068_Madd_cy<13>_rt
LUT1 		cpu/datapath/alu/Madd_n0068_Madd_cy<12>_rt
LUT1 		cpu/datapath/alu/Madd_n0068_Madd_cy<11>_rt
LUT1 		cpu/datapath/alu/Madd_n0068_Madd_cy<10>_rt
LUT1 		cpu/datapath/alu/Madd_n0068_Madd_cy<9>_rt
LUT1 		cpu/datapath/alu/Madd_n0068_Madd_cy<8>_rt
LUT1 		cpu/datapath/alu/Madd_n0068_Madd_cy<7>_rt
LUT1 		cpu/datapath/alu/Madd_n0068_Madd_cy<6>_rt
LUT1 		cpu/datapath/alu/Madd_n0068_Madd_cy<5>_rt
LUT1 		cpu/datapath/alu/Madd_n0068_Madd_cy<4>_rt
LUT1 		cpu/datapath/alu/Madd_n0068_Madd_cy<3>_rt
LUT1 		cpu/datapath/alu/Madd_n0068_Madd_cy<2>_rt
LUT1 		cpu/datapath/alu/Madd_n0068_Madd_cy<1>_rt
LUT1 		cpu/datapath/alu/Madd_BUS_0002_GND_6_o_add_2_OUT_cy<15>_rt
LUT1 		cpu/datapath/alu/Madd_BUS_0002_GND_6_o_add_2_OUT_cy<14>_rt
LUT1 		cpu/datapath/alu/Madd_BUS_0002_GND_6_o_add_2_OUT_cy<13>_rt
LUT1 		cpu/datapath/alu/Madd_BUS_0002_GND_6_o_add_2_OUT_cy<12>_rt
LUT1 		cpu/datapath/alu/Madd_BUS_0002_GND_6_o_add_2_OUT_cy<11>_rt
LUT1 		cpu/datapath/alu/Madd_BUS_0002_GND_6_o_add_2_OUT_cy<10>_rt
LUT1 		cpu/datapath/alu/Madd_BUS_0002_GND_6_o_add_2_OUT_cy<9>_rt
LUT1 		cpu/datapath/alu/Madd_BUS_0002_GND_6_o_add_2_OUT_cy<8>_rt
LUT1 		cpu/datapath/alu/Madd_BUS_0002_GND_6_o_add_2_OUT_cy<7>_rt
LUT1 		cpu/datapath/alu/Madd_BUS_0002_GND_6_o_add_2_OUT_cy<6>_rt
LUT1 		cpu/datapath/alu/Madd_BUS_0002_GND_6_o_add_2_OUT_cy<5>_rt
LUT1 		cpu/datapath/alu/Madd_BUS_0002_GND_6_o_add_2_OUT_cy<4>_rt
LUT1 		cpu/datapath/alu/Madd_BUS_0002_GND_6_o_add_2_OUT_cy<3>_rt
LUT1 		cpu/datapath/alu/Madd_BUS_0002_GND_6_o_add_2_OUT_cy<2>_rt
LUT1 		cpu/datapath/alu/Madd_BUS_0002_GND_6_o_add_2_OUT_cy<1>_rt
LUT1 		memory/Mcount_buzzer_clk_count_xor<20>_rt
LUT1 		memory/Mcount_free_run_counter_xor<15>_rt
LUT1 		memory/Mcount_lcd_delay_xor<12>_rt
LUT1 		memory/Mcount_count_xor<8>_rt
LUT1 		cpu/datapath/alu/Madd_BUS_0002_GND_6_o_add_2_OUT_xor<16>_rt
INV 		clk_inv_INV_0

Section 6 - IOB Properties
--------------------------

+---------------------------------------------------------------------------------------------------------------------------------------------------------+
| IOB Name                           | Type             | Direction | IO Standard          | Diff  | Drive    | Slew | Reg (s)      | Resistor | IOB      |
|                                    |                  |           |                      | Term  | Strength | Rate |              |          | Delay    |
+---------------------------------------------------------------------------------------------------------------------------------------------------------+
| S6_btn0_pad                        | IOB              | INPUT     | LVCMOS25             |       |          |      |              |          |          |
| S6_btn1_pad                        | IOB              | INPUT     | LVCMOS25             |       |          |      |              |          |          |
| S6_leds_pads<0>                    | IOB              | OUTPUT    | LVCMOS25             |       | 12       | SLOW |              |          |          |
| S6_leds_pads<1>                    | IOB              | OUTPUT    | LVCMOS25             |       | 12       | SLOW |              |          |          |
| S6_leds_pads<2>                    | IOB              | OUTPUT    | LVCMOS25             |       | 12       | SLOW |              |          |          |
| S6_leds_pads<3>                    | IOB              | OUTPUT    | LVCMOS25             |       | 12       | SLOW |              |          |          |
| blue_en_pad                        | IOB              | OUTPUT    | LVCMOS25             |       | 12       | SLOW |              |          |          |
| buzzer_pad                         | IOB              | OUTPUT    | LVCMOS25             |       | 12       | SLOW |              |          |          |
| clk_pad                            | IOB              | INPUT     | LVCMOS25             |       |          |      |              |          |          |
| epp_data_pads<0>                   | IOB              | BIDIR     | LVCMOS25             |       | 12       | SLOW | IFF          |          |          |
|                                    |                  |           |                      |       |          |      | OFF          |          |          |
| epp_data_pads<1>                   | IOB              | BIDIR     | LVCMOS25             |       | 12       | SLOW | IFF          |          |          |
|                                    |                  |           |                      |       |          |      | OFF          |          |          |
| epp_data_pads<2>                   | IOB              | BIDIR     | LVCMOS25             |       | 12       | SLOW | IFF          |          |          |
|                                    |                  |           |                      |       |          |      | OFF          |          |          |
| epp_data_pads<3>                   | IOB              | BIDIR     | LVCMOS25             |       | 12       | SLOW | IFF          |          |          |
|                                    |                  |           |                      |       |          |      | OFF          |          |          |
| epp_data_pads<4>                   | IOB              | BIDIR     | LVCMOS25             |       | 12       | SLOW | IFF          |          |          |
|                                    |                  |           |                      |       |          |      | OFF          |          |          |
| epp_data_pads<5>                   | IOB              | BIDIR     | LVCMOS25             |       | 12       | SLOW | IFF          |          |          |
|                                    |                  |           |                      |       |          |      | OFF          |          |          |
| epp_data_pads<6>                   | IOB              | BIDIR     | LVCMOS25             |       | 12       | SLOW | IFF          |          |          |
|                                    |                  |           |                      |       |          |      | OFF          |          |          |
| epp_data_pads<7>                   | IOB              | BIDIR     | LVCMOS25             |       | 12       | SLOW | IFF          |          |          |
|                                    |                  |           |                      |       |          |      | OFF          |          |          |
| epp_input_pads<0>                  | IOB              | INPUT     | LVCMOS25             |       |          |      |              |          |          |
| epp_input_pads<1>                  | IOB              | INPUT     | LVCMOS25             |       |          |      |              |          |          |
| epp_input_pads<2>                  | IOB              | INPUT     | LVCMOS25             |       |          |      |              |          |          |
| epp_output_pads<0>                 | IOB              | OUTPUT    | LVCMOS25             |       | 12       | SLOW |              |          |          |
| green_en_pad                       | IOB              | OUTPUT    | LVCMOS25             |       | 12       | SLOW |              |          |          |
| key_cols_pads<0>                   | IOB              | INPUT     | LVCMOS25             |       |          |      |              |          |          |
| key_cols_pads<1>                   | IOB              | INPUT     | LVCMOS25             |       |          |      |              |          |          |
| key_cols_pads<2>                   | IOB              | INPUT     | LVCMOS25             |       |          |      |              |          |          |
| key_cols_pads<3>                   | IOB              | INPUT     | LVCMOS25             |       |          |      |              |          |          |
| key_cols_pads<4>                   | IOB              | INPUT     | LVCMOS25             |       |          |      |              |          |          |
| key_rows_pads<0>                   | IOB              | OUTPUT    | LVCMOS25             |       | 12       | SLOW |              |          |          |
| key_rows_pads<1>                   | IOB              | OUTPUT    | LVCMOS25             |       | 12       | SLOW |              |          |          |
| key_rows_pads<2>                   | IOB              | OUTPUT    | LVCMOS25             |       | 12       | SLOW |              |          |          |
| key_rows_pads<3>                   | IOB              | OUTPUT    | LVCMOS25             |       | 12       | SLOW |              |          |          |
| lcd_data_pads<0>                   | IOB              | OUTPUT    | LVCMOS25             |       | 12       | SLOW | OFF          |          |          |
| lcd_data_pads<1>                   | IOB              | OUTPUT    | LVCMOS25             |       | 12       | SLOW | OFF          |          |          |
| lcd_data_pads<2>                   | IOB              | OUTPUT    | LVCMOS25             |       | 12       | SLOW | OFF          |          |          |
| lcd_data_pads<3>                   | IOB              | OUTPUT    | LVCMOS25             |       | 12       | SLOW | OFF          |          |          |
| lcd_data_pads<4>                   | IOB              | OUTPUT    | LVCMOS25             |       | 12       | SLOW | OFF          |          |          |
| lcd_data_pads<5>                   | IOB              | OUTPUT    | LVCMOS25             |       | 12       | SLOW | OFF          |          |          |
| lcd_data_pads<6>                   | IOB              | OUTPUT    | LVCMOS25             |       | 12       | SLOW | OFF          |          |          |
| lcd_data_pads<7>                   | IOB              | OUTPUT    | LVCMOS25             |       | 12       | SLOW | OFF          |          |          |
| lcd_e_pad                          | IOB              | OUTPUT    | LVCMOS25             |       | 12       | SLOW |              |          |          |
| lcd_rs_pad                         | IOB              | OUTPUT    | LVCMOS25             |       | 12       | SLOW |              |          |          |
| lcd_rw_pad                         | IOB              | OUTPUT    | LVCMOS25             |       | 12       | SLOW |              |          |          |
| red_en_pad                         | IOB              | OUTPUT    | LVCMOS25             |       | 12       | SLOW |              |          |          |
| rgb_col_pads<0>                    | IOB              | OUTPUT    | LVCMOS25             |       | 12       | SLOW |              |          |          |
| rgb_col_pads<1>                    | IOB              | OUTPUT    | LVCMOS25             |       | 12       | SLOW |              |          |          |
| rgb_col_pads<2>                    | IOB              | OUTPUT    | LVCMOS25             |       | 12       | SLOW |              |          |          |
| rgb_col_pads<3>                    | IOB              | OUTPUT    | LVCMOS25             |       | 12       | SLOW |              |          |          |
| rgb_col_pads<4>                    | IOB              | OUTPUT    | LVCMOS25             |       | 12       | SLOW |              |          |          |
| rgb_col_pads<5>                    | IOB              | OUTPUT    | LVCMOS25             |       | 12       | SLOW |              |          |          |
| rgb_col_pads<6>                    | IOB              | OUTPUT    | LVCMOS25             |       | 12       | SLOW |              |          |          |
| rgb_col_pads<7>                    | IOB              | OUTPUT    | LVCMOS25             |       | 12       | SLOW |              |          |          |
| rgb_row_pads<0>                    | IOB              | OUTPUT    | LVCMOS25             |       | 12       | SLOW |              |          |          |
| rgb_row_pads<1>                    | IOB              | OUTPUT    | LVCMOS25             |       | 12       | SLOW |              |          |          |
| rgb_row_pads<2>                    | IOB              | OUTPUT    | LVCMOS25             |       | 12       | SLOW |              |          |          |
| rgb_row_pads<3>                    | IOB              | OUTPUT    | LVCMOS25             |       | 12       | SLOW |              |          |          |
| rgb_row_pads<4>                    | IOB              | OUTPUT    | LVCMOS25             |       | 12       | SLOW |              |          |          |
| rgb_row_pads<5>                    | IOB              | OUTPUT    | LVCMOS25             |       | 12       | SLOW |              |          |          |
| rgb_row_pads<6>                    | IOB              | OUTPUT    | LVCMOS25             |       | 12       | SLOW |              |          |          |
| rgb_row_pads<7>                    | IOB              | OUTPUT    | LVCMOS25             |       | 12       | SLOW |              |          |          |
| scl_pad                            | IOB              | BIDIR     | LVCMOS25             |       | 12       | SLOW |              |          |          |
| sda_pad                            | IOB              | BIDIR     | LVCMOS25             |       | 12       | SLOW |              |          |          |
| shaker_pad                         | IOB              | OUTPUT    | LVCMOS25             |       | 12       | SLOW |              |          |          |
| sw_led_en_pad                      | IOB              | OUTPUT    | LVCMOS25             |       | 12       | SLOW |              |          |          |
+---------------------------------------------------------------------------------------------------------------------------------------------------------+

Section 7 - RPMs
----------------

Section 8 - Guide Report
------------------------
Guide not run on this design.

Section 9 - Area Group and Partition Summary
--------------------------------------------

Partition Implementation Status
-------------------------------

  No Partitions were found in this design.

-------------------------------

Area Group Information
----------------------

  No area groups were found in this design.

----------------------

Section 10 - Timing Report
--------------------------
A logic-level (pre-route) timing report can be generated by using Xilinx static
timing analysis tools, Timing Analyzer (GUI) or TRCE (command line), with the
mapped NCD and PCF files. Please note that this timing report will be generated
using estimated delay information. For accurate numbers, please generate a
timing report with the post Place and Route NCD file.

For more information about the Timing Analyzer, consult the Xilinx Timing
Analyzer Reference Manual; for more information about TRCE, consult the Xilinx
Command Line Tools User Guide "TRACE" chapter.

Section 11 - Configuration String Details
-----------------------------------------

Section 12 - Control Set Information
------------------------------------
+-----------------------------------------------------------------------------------------------------------------------------------------------------------------------+
| Clock Signal                  | Reset Signal                                  | Set Signal | Enable Signal                        | Slice Load Count | Bel Load Count |
+-----------------------------------------------------------------------------------------------------------------------------------------------------------------------+
| ackie_interface/proc_clk_BUFG |                                               |            | cpu/cc_en                            | 2                | 4              |
| ackie_interface/proc_clk_BUFG |                                               |            | cpu/control/FSM/state_FSM_FFd2-In    | 13               | 20             |
| ackie_interface/proc_clk_BUFG |                                               |            | cpu/datapath/registers/_n0067_inv    | 38               | 112            |
| ackie_interface/proc_clk_BUFG |                                               |            | cpu/execute                          | 9                | 16             |
| ackie_interface/proc_clk_BUFG | ackie_interface/cpu_reset                     |            |                                      | 3                | 4              |
+-----------------------------------------------------------------------------------------------------------------------------------------------------------------------+
| clk_BUFG                      |                                               |            |                                      | 54               | 91             |
| clk_BUFG                      |                                               |            | ackie_interface/Mmux__n0756112       | 18               | 67             |
| clk_BUFG                      |                                               |            | ackie_interface/_n1112_inv           | 3                | 5              |
| clk_BUFG                      |                                               |            | ackie_interface/_n1116_inv           | 2                | 8              |
| clk_BUFG                      |                                               |            | ackie_interface/_n1178_inv           | 5                | 19             |
| clk_BUFG                      |                                               |            | ackie_interface/_n1287_inv           | 10               | 19             |
| clk_BUFG                      |                                               |            | ackie_interface/_n1291_inv           | 1                | 4              |
| clk_BUFG                      |                                               |            | ackie_interface/_n1352_inv           | 4                | 8              |
| clk_BUFG                      |                                               |            | ackie_interface/_n1406_inv           | 8                | 32             |
| clk_BUFG                      |                                               |            | ackie_interface/_n1410_inv           | 4                | 16             |
| clk_BUFG                      |                                               |            | ackie_interface/_n1457_inv           | 1                | 4              |
| clk_BUFG                      |                                               |            | ackie_interface/_n1461_inv           | 4                | 16             |
| clk_BUFG                      |                                               |            | ackie_interface/_n1465_inv           | 8                | 32             |
| clk_BUFG                      |                                               |            | ackie_interface/_n1469_inv           | 4                | 16             |
| clk_BUFG                      |                                               |            | memory/GND_10_o_GND_10_o_AND_41_o    | 2                | 8              |
| clk_BUFG                      |                                               |            | memory/GND_10_o_GND_10_o_equal_383_o | 5                | 20             |
| clk_BUFG                      |                                               |            | memory/_n3324_inv                    | 2                | 4              |
| clk_BUFG                      |                                               |            | memory/_n3376_inv                    | 2                | 8              |
| clk_BUFG                      |                                               |            | memory/_n3402_inv                    | 2                | 7              |
| clk_BUFG                      |                                               |            | memory/_n3428_inv                    | 2                | 8              |
| clk_BUFG                      |                                               |            | memory/_n3454_inv                    | 2                | 8              |
| clk_BUFG                      |                                               |            | memory/_n3480_inv                    | 2                | 8              |
| clk_BUFG                      |                                               |            | memory/_n3506_inv                    | 2                | 8              |
| clk_BUFG                      |                                               |            | memory/_n3532_inv                    | 2                | 8              |
| clk_BUFG                      |                                               |            | memory/_n3558_inv                    | 2                | 8              |
| clk_BUFG                      |                                               |            | memory/_n3636_inv                    | 4                | 12             |
| clk_BUFG                      |                                               |            | memory/_n3640_inv                    | 2                | 8              |
| clk_BUFG                      |                                               |            | memory/_n3644_inv                    | 2                | 8              |
| clk_BUFG                      |                                               |            | memory/_n3648_inv                    | 2                | 8              |
| clk_BUFG                      |                                               |            | memory/_n3652_inv                    | 2                | 8              |
| clk_BUFG                      |                                               |            | memory/_n3656_inv                    | 2                | 8              |
| clk_BUFG                      |                                               |            | memory/_n3660_inv                    | 2                | 8              |
| clk_BUFG                      |                                               |            | memory/_n3664_inv                    | 2                | 8              |
| clk_BUFG                      |                                               |            | memory/_n3668_inv                    | 2                | 8              |
| clk_BUFG                      |                                               |            | memory/_n3672_inv                    | 2                | 8              |
| clk_BUFG                      |                                               |            | memory/_n3703_inv                    | 3                | 8              |
| clk_BUFG                      |                                               |            | memory/_n3750_inv                    | 2                | 5              |
| clk_BUFG                      |                                               |            | memory/_n3885_inv                    | 4                | 16             |
| clk_BUFG                      |                                               |            | memory/_n3906_inv                    | 5                | 8              |
| clk_BUFG                      |                                               |            | memory/_n3940_inv                    | 3                | 8              |
| clk_BUFG                      |                                               |            | memory/_n3987_inv                    | 2                | 7              |
| clk_BUFG                      |                                               |            | memory/_n4027_inv                    | 2                | 8              |
| clk_BUFG                      |                                               |            | memory/_n4069_inv                    | 2                | 8              |
| clk_BUFG                      |                                               |            | memory/_n4140_inv                    | 2                | 8              |
| clk_BUFG                      |                                               |            | memory/_n4159_inv                    | 3                | 8              |
| clk_BUFG                      |                                               |            | memory/_n4239_inv                    | 3                | 8              |
| clk_BUFG                      |                                               |            | memory/_n4258_inv                    | 3                | 8              |
| clk_BUFG                      |                                               |            | memory/_n4277_inv                    | 4                | 8              |
| clk_BUFG                      |                                               |            | memory/_n4296_inv                    | 5                | 8              |
| clk_BUFG                      |                                               |            | memory/_n4315_inv                    | 2                | 8              |
| clk_BUFG                      |                                               |            | memory/_n4334_inv                    | 6                | 8              |
| clk_BUFG                      |                                               |            | memory/_n4351_inv                    | 1                | 8              |
| clk_BUFG                      |                                               |            | memory/_n4387_inv                    | 1                | 8              |
| clk_BUFG                      |                                               |            | memory/_n4403_inv                    | 2                | 16             |
| clk_BUFG                      |                                               |            | memory/_n4489_inv                    | 2                | 8              |
| clk_BUFG                      |                                               |            | memory/_n4514_inv                    | 6                | 12             |
| clk_BUFG                      |                                               |            | memory/_n4591_inv                    | 2                | 8              |
| clk_BUFG                      |                                               |            | uart/_n0169                          | 2                | 8              |
| clk_BUFG                      |                                               |            | uart/_n0189_inv                      | 1                | 2              |
| clk_BUFG                      | Reset_OR_DriverANDClockEnable                 |            | memory/_n4601_inv                    | 6                | 21             |
| clk_BUFG                      | ackie_interface/_n0938                        |            | ackie_interface/_n1518_inv           | 8                | 32             |
| clk_BUFG                      | ackie_interface/_n0954                        |            |                                      | 2                | 3              |
| clk_BUFG                      | ackie_interface/cmd[7]_GND_11_o_equal_221_o_0 |            | ackie_interface/_n1535_inv           | 8                | 32             |
| clk_BUFG                      | ackie_interface/cmd[7]_GND_11_o_equal_221_o_0 |            | ackie_interface/_n1549_inv           | 2                | 4              |
| clk_BUFG                      | memory/GND_10_o_GND_10_o_equal_383_o          |            |                                      | 1                | 3              |
| clk_BUFG                      | memory/_n3043                                 |            | memory/_n3672_inv                    | 1                | 3              |
| clk_BUFG                      | memory/_n3050                                 |            | Reset_OR_DriverANDClockEnable1       | 1                | 4              |
| clk_BUFG                      | memory/_n3059                                 |            | memory/_n4612_inv                    | 4                | 16             |
| clk_BUFG                      | memory/_n3086                                 |            | memory/_n4748_inv                    | 2                | 5              |
| clk_BUFG                      | memory/_n3094                                 |            | memory/_n4769_inv                    | 2                | 3              |
| clk_BUFG                      | memory/_n3105                                 |            | memory/_n4787_inv                    | 2                | 5              |
| clk_BUFG                      | memory/_n30751                                |            | memory/_n307511                      | 2                | 5              |
| clk_BUFG                      | memory/_n30811                                |            | memory/_n308111                      | 2                | 5              |
| clk_BUFG                      | memory/_n3672_inv                             |            | memory/count<8>                      | 1                | 5              |
| clk_BUFG                      | memory/count<8>                               |            |                                      | 3                | 9              |
| clk_BUFG                      | memory/lcd_delay<12>                          |            |                                      | 4                | 13             |
+-----------------------------------------------------------------------------------------------------------------------------------------------------------------------+

Section 13 - Utilization by Hierarchy
-------------------------------------
+--------------------------------------------------------------------------------------------------------------------------------------------------------------------------------------------------------+
| Module             | Partition | Slices*       | Slice Reg     | LUTs          | LUTRAM        | BRAM/FIFO | DSP48A1 | BUFG  | BUFIO | BUFR  | DCM   | PLL_ADV   | Full Hierarchical Name              |
+--------------------------------------------------------------------------------------------------------------------------------------------------------------------------------------------------------+
| Stump_Board/       |           | 10/791        | 20/1042       | 7/1971        | 0/0           | 0/11      | 0/0     | 1/2   | 0/0   | 0/0   | 0/0   | 0/0       | Stump_Board                         |
| +ackie_interface   |           | 197/197       | 327/327       | 595/595       | 0/0           | 0/0       | 0/0     | 1/1   | 0/0   | 0/0   | 0/0   | 0/0       | Stump_Board/ackie_interface         |
| +cpu               |           | 0/270         | 0/156         | 0/535         | 0/0           | 0/0       | 0/0     | 0/0   | 0/0   | 0/0   | 0/0   | 0/0       | Stump_Board/cpu                     |
| ++control          |           | 0/20          | 0/4           | 0/21          | 0/0           | 0/0       | 0/0     | 0/0   | 0/0   | 0/0   | 0/0   | 0/0       | Stump_Board/cpu/control             |
| +++DECODER         |           | 16/16         | 0/0           | 19/19         | 0/0           | 0/0       | 0/0     | 0/0   | 0/0   | 0/0   | 0/0   | 0/0       | Stump_Board/cpu/control/DECODER     |
| +++FSM             |           | 4/4           | 4/4           | 2/2           | 0/0           | 0/0       | 0/0     | 0/0   | 0/0   | 0/0   | 0/0   | 0/0       | Stump_Board/cpu/control/FSM         |
| ++datapath         |           | 55/250        | 40/152        | 39/514        | 0/0           | 0/0       | 0/0     | 0/0   | 0/0   | 0/0   | 0/0   | 0/0       | Stump_Board/cpu/datapath            |
| +++alu             |           | 66/66         | 0/0           | 169/169       | 0/0           | 0/0       | 0/0     | 0/0   | 0/0   | 0/0   | 0/0   | 0/0       | Stump_Board/cpu/datapath/alu        |
| +++registers       |           | 113/113       | 112/112       | 289/289       | 0/0           | 0/0       | 0/0     | 0/0   | 0/0   | 0/0   | 0/0   | 0/0       | Stump_Board/cpu/datapath/registers  |
| +++shifter         |           | 16/16         | 0/0           | 17/17         | 0/0           | 0/0       | 0/0     | 0/0   | 0/0   | 0/0   | 0/0   | 0/0       | Stump_Board/cpu/datapath/shifter    |
| +memory            |           | 306/306       | 524/524       | 822/822       | 0/0           | 11/11     | 0/0     | 0/0   | 0/0   | 0/0   | 0/0   | 0/0       | Stump_Board/memory                  |
| +uart              |           | 8/8           | 15/15         | 12/12         | 0/0           | 0/0       | 0/0     | 0/0   | 0/0   | 0/0   | 0/0   | 0/0       | Stump_Board/uart                    |
+--------------------------------------------------------------------------------------------------------------------------------------------------------------------------------------------------------+

* Slices can be packed with basic elements from multiple hierarchies.
  Therefore, a slice will be counted in every hierarchical module
  that each of its packed basic elements belong to.
** For each column, there are two numbers reported <A>/<B>.
   <A> is the number of elements that belong to that specific hierarchical module.
   <B> is the total number of elements from that hierarchical module and any lower level
   hierarchical modules below.
*** The LUTRAM column counts all LUTs used as memory including RAM, ROM, and shift registers.
